// Jest Snapshot v1, https://goo.gl/fbAQLP

exports[`renders homepage correctly 1`] = `
<div>
  <main
    class="container Home"
  >
    <div
      class="heroSectionText"
    >
      <h2>
        Welcome to FutureStore - Your One-Stop Destination for Fashion and Technology!
      </h2>
      <p>
        At FutureStore, we believe that shopping should be a delightful experience, and that's why we strive to provide you with the best products, exceptional customer service, and a seamless shopping experience. Browse our diverse range of products, find what you love, and let us take care of the rest.
      </p>
      <a
        href="/products"
      >
        Explore Now
      </a>
    </div>
    <img
      alt=""
      sizes="(max-width: 1534px) 100vw, 1534px"
      src="cheerful-satisfied-customer-holding-shopping-bags,w_1534.jpg"
      srcset="cheerful-satisfied-customer-holding-shopping-bags,w_320.jpg 320w, cheerful-satisfied-customer-holding-shopping-bags,w_1178.jpg 1178w, cheerful-satisfied-customer-holding-shopping-bags,w_1534.jpg 1534w"
    />
  </main>
</div>
`;
